         N  >= 0
         - N + 3 >= 0

( 1/2 * N^2 + 3/2 * N + 1 )

-----------------------------------
         N  -8 = 0
          1 >= 0

( 1/2 * N^2 + 11/2 * N + -31 )

-----------------------------------
         - N + 10 >= 0
         N  -9 >= 0

( 1 * N^2 + -2 * N + -3 )

-----------------------------------
         N  -11 >= 0
          1 >= 0

( 1 * N^2 + -2 * N + -3 )

-----------------------------------
         N  -7 = 0
          1 >= 0

( 1/2 * N^2 + -7/2 * N + 32 )

-----------------------------------
         - N + 6 >= 0
         N  -5 >= 0

( 1/2 * N^2 + 1/2 * N + 4 )

-----------------------------------
         N  -4 = 0
          1 >= 0

( 0 * N^2 + 4 * N + -2 )

-----------------------------------
         N  -6 = 0
          1 >= 0

( 1 * N^2 + -6 * N + 25 )

-----------------------------------
