
ZPOLYHEDRON: Dimension 2 

LATTICE: 
3 3
   2    0    1 
   2    1    0 
   0    0    1 
POLYHEDRON Dimension:2
           Constraints:3  Equations:1  Rays:2  Lines:0
Constraints 3 4
Equality:   [   0    1   -1  ]
Inequality: [   1    0   -1  ]
Inequality: [  -1    0   10  ]
Rays 2 4
Vertex: [   1    1  ]/1
Vertex: [  10    1  ]/1
UNION POLYHEDRON Dimension:2
           Constraints:3  Equations:1  Rays:2  Lines:0
Constraints 3 4
Equality:   [   1    0  -10  ]
Inequality: [   0    1   -1  ]
Inequality: [   0   -1   10  ]
Rays 2 4
Vertex: [  10    1  ]/1
Vertex: [  10   10  ]/1

UNIONED with

ZPOLYHEDRON: Dimension 2 

LATTICE: 
3 3
   2    0    1 
   0    1    0 
   0    0    1 
POLYHEDRON Dimension:2
           Constraints:4  Equations:0  Rays:4  Lines:0
Constraints 4 4
Inequality: [   2    0   -2  ]
Inequality: [   2   -1   10  ]
Inequality: [  -2    1   -2  ]
Inequality: [  -2    0   19  ]
Rays 4 4
Vertex: [   1    4  ]/1
Vertex: [   1   12  ]/1
Vertex: [  19   58  ]/2
Vertex: [  19   42  ]/2
