
ZPOLYHEDRON: Dimension 2 

LATTICE: 
3 3
   2    0    0 
   2    1    0 
   0    0    1 
POLYHEDRON Dimension:2
           Constraints:4  Equations:0  Rays:4  Lines:0
Constraints 4 4
Inequality: [   0    1   -1  ]
Inequality: [   2    0   -2  ]
Inequality: [  -2    0   20  ]
Inequality: [   0   -1    4  ]
Rays 4 4
Vertex: [  10    1  ]/1
Vertex: [   1    1  ]/1
Vertex: [   1    4  ]/1
Vertex: [  10    4  ]/1
UNION POLYHEDRON Dimension:2
           Constraints:4  Equations:0  Rays:4  Lines:0
Constraints 4 4
Inequality: [   0    1   -1  ]
Inequality: [   2    0   -2  ]
Inequality: [   0   -1   10  ]
Inequality: [  -2    0    9  ]
Rays 4 4
Vertex: [   1   10  ]/1
Vertex: [   1    1  ]/1
Vertex: [   9    2  ]/2
Vertex: [   9   20  ]/2
