---------------------------------------
Domain :
          1 >= 0

Vertices :
[ 0,  a ]
